     1                                  SECTION .data
     2 00000000 417373656D626C6572-         helo:  DB  'Assembler the best',0xA
     2 00000009 207468652062657374-
     2 00000012 0A                 
     3                                      len:  EQU $-helo
     4                                  
     5                                  SECTION .text
     6                                      GLOBAL _start
     7                                  
     8                                  
     9                                  _start:
    10 00000000 66B90300                    mov cx,3            ; Устанавливаем счетчик цикла в значение 3
    11                                      print:
    12 00000004 B804000000                      mov eax,4       ; Системный вызов sys_write
    13 00000009 BB01000000                      mov ebx,1       ; Выбираем стандартный вывод stdout
    14 0000000E B9[00000000]                    mov ecx,helo    ; Передаем строку в stdout
    15 00000013 BA13000000                      mov edx,len     ; Передаем длину строки
    16 00000018 CD80                            int 80h         ; Вызываем прерываение
    17 0000001A E2E8                            loop print
    18                                  
    19 0000001C B801000000                  mov eax,1           ; Выход из программы с кодом 0
    20 00000021 BB00000000                  mov ebx,0
    21 00000026 CD80                        int 80h
    22                                  
